// Jest Snapshot v1, https://goo.gl/fbAQLP

exports[`App container Start view 1`] = `
<div>
  <div
    className="sc-bdVaJa eXjbMa"
  >
    <div>
      <div
        className="d-flex justify-content-center"
      >
        <div
          className="spinner-border"
          role="status"
        >
          <span
            className="sr-only"
          >
            Loading...
          </span>
        </div>
      </div>
    </div>
  </div>
  <div
    className="pt-4 container"
  >
    <div
      className="jumbotron"
    >
      <div
        className="sc-bwzfXH npxoJ display-4 mb-4 text-center"
        onClick={[Function]}
        role="button"
      >
        You Tube Player
      </div>
      <form
        className=""
        onSubmit={[Function]}
      >
        <div
          className="form-group"
        >
          <div
            className="input-group"
          >
            <input
              aria-describedby="button-addon4"
              autoComplete="off"
              autoFocus={true}
              className="form-control"
              list="searchHistory"
              name="query"
              onChange={[Function]}
              placeholder="Search in YouTube"
              type="search"
              value="query"
            />
            <datalist
              id="searchHistory"
            />
            <div
              className="input-group-append"
              id="button-addon4"
            >
              <button
                aria-label={null}
                className="btn btn-outline-primary"
                onClick={[Function]}
                type="button"
              >
                Search
              </button>
              <button
                aria-label={null}
                className="btn btn-outline-secondary"
                onClick={[Function]}
                type="button"
              >
                Reset
              </button>
            </div>
          </div>
        </div>
      </form>
      <div>
        <div
          className="row justify-content-end text-right"
        >
          <div
            className="d-none"
          >
            <div
              className="custom-control custom-switch"
            >
              <input
                checked={true}
                className="custom-control-input"
                id="customSwitch1"
                name="horizontal"
                onChange={[Function]}
                type="checkbox"
              />
              <label
                className="custom-control-label"
                htmlFor="customSwitch1"
              >
                Switch to 
                grid
              </label>
            </div>
          </div>
        </div>
        <div
          className="d-flex flex-wrap"
        />
        <div
          className="d-none"
        >
          <button
            aria-label={null}
            className="btn btn-outline-secondary"
            onClick={[Function]}
            type="button"
          >
            More
          </button>
        </div>
      </div>
    </div>
  </div>
</div>
`;

exports[`App container video item not set -> render null 1`] = `
<div>
  <div
    className="sc-bdVaJa eXjbMa"
  >
    <div>
      <div
        className="d-flex justify-content-center"
      >
        <div
          className="spinner-border"
          role="status"
        >
          <span
            className="sr-only"
          >
            Loading...
          </span>
        </div>
      </div>
    </div>
  </div>
  <div
    className="pt-4 container"
  >
    <div
      className="jumbotron"
    >
      <div
        className="sc-bwzfXH npxoJ display-4 mb-4 text-center"
        onClick={[Function]}
        role="button"
      >
        You Tube Player
      </div>
      <form
        className=""
        onSubmit={[Function]}
      >
        <div
          className="form-group"
        >
          <div
            className="input-group"
          >
            <input
              aria-describedby="button-addon4"
              autoComplete="off"
              autoFocus={true}
              className="form-control"
              list="searchHistory"
              name="query"
              onChange={[Function]}
              placeholder="Search in YouTube"
              type="search"
              value="query"
            />
            <datalist
              id="searchHistory"
            />
            <div
              className="input-group-append"
              id="button-addon4"
            >
              <button
                aria-label={null}
                className="btn btn-outline-primary"
                onClick={[Function]}
                type="button"
              >
                Search
              </button>
              <button
                aria-label={null}
                className="btn btn-outline-secondary"
                onClick={[Function]}
                type="button"
              >
                Reset
              </button>
            </div>
          </div>
        </div>
      </form>
      <div>
        <div
          className="row justify-content-end text-right"
        >
          <div
            className="d-none"
          >
            <div
              className="custom-control custom-switch"
            >
              <input
                checked={true}
                className="custom-control-input"
                id="customSwitch1"
                name="horizontal"
                onChange={[Function]}
                type="checkbox"
              />
              <label
                className="custom-control-label"
                htmlFor="customSwitch1"
              >
                Switch to 
                grid
              </label>
            </div>
          </div>
        </div>
        <div
          className="d-flex flex-wrap"
        />
        <div
          className="d-none"
        >
          <button
            aria-label={null}
            className="btn btn-outline-secondary"
            onClick={[Function]}
            type="button"
          >
            More
          </button>
        </div>
      </div>
    </div>
  </div>
</div>
`;
